CreateTables.sql errors=0
CreateScripts.sql errors=0
CreateData.sql errors=0
Central_CreateTables.sql errors=0
Central_CreateScripts.sql errors=0
V0_UpdateDatabase.sql errors=0
UpdateDatabase.sql errors=0
V3_UpdateDatabase.sql errors=0
V4_UpdateDatabase.sql errors=0
V5_UpdateDatabase.sql errors=0
V6_UpdateDatabase.sql errors=0
V7_UpdateDatabase.sql errors=0
V8_UpdateDatabase.sql errors=0
V9_UpdateDatabase.sql errors=0
V10_UpdateDatabase.sql errors=0
V11_UpdateDatabase.sql errors=0
V12_UpdateDatabase.sql errors=0
V13_UpdateDatabase.sql errors=0
V14_UpdateDatabase.sql errors=0
V15_UpdateDatabase.sql errors=0
V16_UpdateDatabase.sql errors=0
V17_UpdateDatabase.sql errors=0
V18_UpdateDatabase.sql errors=0
V19_UpdateDatabase.sql errors=0
V20_UpdateDatabase.sql errors=0
V21_UpdateDatabase.sql errors=0
V22_UpdateDatabase.sql errors=0
V23_UpdateDatabase.sql errors=0
V24_UpdateDatabase.sql errors=0
V25_UpdateDatabase.sql errors=0
V26_UpdateDatabase.sql errors=0
V27_UpdateDatabase.sql errors=0
V28_UpdateDatabase.sql errors=0
V29_UpdateDatabase.sql errors=0
V30_UpdateDatabase.sql errors=0
V31_UpdateDatabase.sql errors=0
V32_UpdateDatabase.sql errors=0
V33_UpdateDatabase.sql errors=0
V34_UpdateDatabase.sql errors=0
V35_UpdateDatabase.sql errors=0
V36_UpdateDatabase.sql errors=0
V37_UpdateDatabase.sql errors=0
V38_UpdateDatabase.sql errors=0
V39_UpdateDatabase.sql errors=0
V40_UpdateDatabase.sql errors=0
V41_UpdateDatabase.sql errors=0
V42_UpdateDatabase.sql errors=0
V43_UpdateDatabase.sql errors=0
V44_UpdateDatabase.sql errors=0
V45_UpdateDatabase.sql errors=0
